\BOOKMARK [1][-]{section.1}{\376\377\004\035\004\060\004\067\004\075\004\060\004\107\004\065\004\075\004\070\004\065\000\040\004\070\000\040\004\102\004\100\004\065\004\061\004\076\004\062\004\060\004\075\004\070\004\117\000\040\004\072\000\040\004\101\004\070\004\101\004\102\004\065\004\074\004\065}{}% 1
\BOOKMARK [1][-]{section.2}{\376\377\004\041\004\070\004\101\004\102\004\065\004\074\004\060\000\040\004\074\004\060\004\110\004\070\004\075\004\075\004\076\004\063\004\076\000\040\004\067\004\100\004\065\004\075\004\070\004\117\000\040\004\070\000\040\004\077\004\100\004\076\004\063\004\100\004\060\004\074\004\074\004\075\004\076\004\065\000\040\004\076\004\061\004\065\004\101\004\077\004\065\004\107\004\065\004\075\004\070\004\065}{}% 2
\BOOKMARK [2][-]{subsection.2.1}{\376\377\004\041\004\076\004\101\004\102\004\076\004\117\004\075\004\070\004\065\000\040\004\060\004\077\004\077\004\060\004\100\004\060\004\102\004\075\004\076\004\071\000\040\004\107\004\060\004\101\004\102\004\070}{section.2}% 3
\BOOKMARK [2][-]{subsection.2.2}{\376\377\004\037\004\076\004\100\004\117\004\064\004\076\004\072\000\040\004\077\004\100\004\076\004\062\004\065\004\064\004\065\004\075\004\070\004\117\000\040\004\070\004\067\004\074\004\065\004\100\004\065\004\075\004\070\004\071}{section.2}% 4
\BOOKMARK [2][-]{subsection.2.3}{\376\377\004\043\004\101\004\102\004\100\004\076\004\071\004\101\004\102\004\062\004\076\000\040\004\077\004\100\004\076\004\063\004\100\004\060\004\074\004\074\004\075\004\076\004\063\004\076\000\040\004\076\004\061\004\065\004\101\004\077\004\065\004\107\004\065\004\075\004\070\004\117}{section.2}% 5
\BOOKMARK [2][-]{subsection.2.4}{\376\377\004\036\004\061\004\100\004\060\004\061\004\076\004\102\004\072\004\060\000\040\004\070\004\067\004\076\004\061\004\100\004\060\004\066\004\065\004\075\004\070\004\071\000\040\004\070\000\040\004\076\004\077\004\100\004\065\004\064\004\065\004\073\004\065\004\075\004\070\004\065\000\040\004\072\004\076\004\075\004\102\004\103\004\100\004\060}{section.2}% 6
\BOOKMARK [2][-]{subsection.2.5}{\376\377\004\037\004\065\004\100\004\065\004\101\004\107\004\121\004\102\000\040\004\100\004\060\004\067\004\074\004\065\004\100\004\076\004\062\000\040\004\062\000\040\004\074\004\070\004\073\004\073\004\070\004\074\004\065\004\102\004\100\004\113}{section.2}% 7
\BOOKMARK [2][-]{subsection.2.6}{\376\377\004\036\004\106\004\065\004\075\004\072\004\060\000\040\004\075\004\065\004\076\004\077\004\100\004\065\004\064\004\065\004\073\004\121\004\075\004\075\004\076\004\101\004\102\004\070}{section.2}% 8
\BOOKMARK [2][-]{subsection.2.7}{\376\377\004\041\004\076\004\105\004\100\004\060\004\075\004\065\004\075\004\070\004\065\000\040\004\070\000\040\004\060\004\075\004\060\004\073\004\070\004\067\000\040\004\064\004\060\004\075\004\075\004\113\004\105}{section.2}% 9
\BOOKMARK [2][-]{subsection.2.8}{\376\377\004\022\004\113\004\077\004\076\004\073\004\075\004\065\004\075\004\075\004\113\004\065\000\040\004\077\004\100\004\076\004\063\004\100\004\060\004\074\004\074\004\075\004\113\004\065\000\040\004\077\004\100\004\076\004\062\004\065\004\100\004\072\004\070}{section.2}% 10
\BOOKMARK [2][-]{subsection.2.9}{\376\377\004\037\004\100\004\076\004\062\004\065\004\100\004\072\004\060\000\040\004\075\004\060\000\040\004\101\004\070\004\075\004\102\004\065\004\102\004\070\004\107\004\065\004\101\004\072\004\070\004\105\000\040\004\101\004\106\004\065\004\075\004\060\004\105}{section.2}% 11
\BOOKMARK [2][-]{subsection.2.10}{\376\377\004\041\004\076\004\101\004\102\004\076\004\117\004\075\004\070\004\065\000\040\004\100\004\060\004\061\004\076\004\102\000\040\004\070\000\040\004\077\004\076\004\101\004\073\004\065\004\064\004\103\004\116\004\111\004\060\004\117\000\040\004\062\004\065\004\100\004\070\004\104\004\070\004\072\004\060\004\106\004\070\004\117}{section.2}% 12
\BOOKMARK [1][-]{section.3}{\376\377\004\037\004\100\004\076\004\102\004\076\004\072\004\076\004\073\000\040\004\101\004\070\004\075\004\102\004\065\004\102\004\070\004\107\004\065\004\101\004\072\004\076\004\071\000\040\004\077\004\100\004\076\004\062\004\065\004\100\004\072\004\070}{}% 13
\BOOKMARK [2][-]{subsection.3.1}{\376\377\004\041\004\076\004\101\004\102\004\060\004\062\000\040\004\101\004\106\004\065\004\075\000\040\004\070\000\040\004\075\004\065\004\067\004\060\004\062\004\070\004\101\004\070\004\074\004\060\004\117\000\040\004\100\004\060\004\067\004\074\004\065\004\102\004\072\004\060}{section.3}% 14
\BOOKMARK [2][-]{subsection.3.2}{\376\377\004\034\004\065\004\102\004\100\004\070\004\072\004\070}{section.3}% 15
\BOOKMARK [2][-]{subsection.3.3}{\376\377\004\040\004\065\004\067\004\103\004\073\004\114\004\102\004\060\004\102\004\113}{section.3}% 16
\BOOKMARK [2][-]{subsection.3.4}{\376\377\004\037\004\100\004\070\004\074\004\065\004\100\004\113\000\040\004\101\004\070\004\075\004\102\004\065\004\102\004\070\004\107\004\065\004\101\004\072\004\070\004\105\000\040\004\064\004\060\004\075\004\075\004\113\004\105}{section.3}% 17
\BOOKMARK [1][-]{section.4}{\376\377\004\034\004\065\004\102\004\076\004\064\004\070\004\072\004\060\000\040\004\115\004\072\004\101\004\077\004\065\004\100\004\070\004\074\004\065\004\075\004\102\004\060\004\073\004\114\004\075\004\076\004\071\000\040\004\062\004\065\004\100\004\070\004\104\004\070\004\072\004\060\004\106\004\070\004\070}{}% 18
\BOOKMARK [1][-]{section.5}{\376\377\004\022\004\113\004\062\004\076\004\064\004\113\000\040\004\077\004\076\000\040\004\100\004\060\004\067\004\064\004\065\004\073\004\103}{}% 19
\BOOKMARK [1][-]{appendix.A}{\376\377\004\022\004\076\004\101\004\077\004\100\004\076\004\070\004\067\004\062\004\065\004\064\004\065\004\075\004\070\004\065\000\040\004\076\004\061\004\100\004\060\004\061\004\076\004\102\004\072\004\070}{}% 20
\BOOKMARK [1][-]{appendix.B}{\376\377\004\040\004\103\004\072\004\076\004\062\004\076\004\064\004\101\004\102\004\062\004\076\000\040\004\077\004\076\000\040\004\115\004\072\004\101\004\077\004\065\004\100\004\070\004\074\004\065\004\075\004\102\004\103\000,\000\040\004\062\004\065\004\100\004\101\004\070\004\117\000\040\0002\000.\0001}{}% 21
